Archive member included to satisfy reference by file (symbol)

C:/ST/STM32CubeIDE_1.19.0/STM32CubeIDE/plugins/com.st.stm32cube.ide.mcu.externaltools.gnu-tools-for-stm32.13.3.rel1.win32_1.0.0.202411081344/tools/bin/../lib/gcc/arm-none-eabi/13.3.1/../../../../arm-none-eabi/lib/thumb/v6-m/nofp\libc_nano.a(libc_a-exit.o)
                              C:/ST/STM32CubeIDE_1.19.0/STM32CubeIDE/plugins/com.st.stm32cube.ide.mcu.externaltools.gnu-tools-for-stm32.13.3.rel1.win32_1.0.0.202411081344/tools/bin/../lib/gcc/arm-none-eabi/13.3.1/../../../../arm-none-eabi/lib/thumb/v6-m/nofp/crt0.o (exit)
C:/ST/STM32CubeIDE_1.19.0/STM32CubeIDE/plugins/com.st.stm32cube.ide.mcu.externaltools.gnu-tools-for-stm32.13.3.rel1.win32_1.0.0.202411081344/tools/bin/../lib/gcc/arm-none-eabi/13.3.1/../../../../arm-none-eabi/lib/thumb/v6-m/nofp\libc_nano.a(libc_a-findfp.o)
                              C:/ST/STM32CubeIDE_1.19.0/STM32CubeIDE/plugins/com.st.stm32cube.ide.mcu.externaltools.gnu-tools-for-stm32.13.3.rel1.win32_1.0.0.202411081344/tools/bin/../lib/gcc/arm-none-eabi/13.3.1/../../../../arm-none-eabi/lib/thumb/v6-m/nofp\libc_nano.a(libc_a-exit.o) (__stdio_exit_handler)
C:/ST/STM32CubeIDE_1.19.0/STM32CubeIDE/plugins/com.st.stm32cube.ide.mcu.externaltools.gnu-tools-for-stm32.13.3.rel1.win32_1.0.0.202411081344/tools/bin/../lib/gcc/arm-none-eabi/13.3.1/../../../../arm-none-eabi/lib/thumb/v6-m/nofp\libc_nano.a(libc_a-fwalk.o)
                              C:/ST/STM32CubeIDE_1.19.0/STM32CubeIDE/plugins/com.st.stm32cube.ide.mcu.externaltools.gnu-tools-for-stm32.13.3.rel1.win32_1.0.0.202411081344/tools/bin/../lib/gcc/arm-none-eabi/13.3.1/../../../../arm-none-eabi/lib/thumb/v6-m/nofp\libc_nano.a(libc_a-findfp.o) (_fwalk_sglue)
C:/ST/STM32CubeIDE_1.19.0/STM32CubeIDE/plugins/com.st.stm32cube.ide.mcu.externaltools.gnu-tools-for-stm32.13.3.rel1.win32_1.0.0.202411081344/tools/bin/../lib/gcc/arm-none-eabi/13.3.1/../../../../arm-none-eabi/lib/thumb/v6-m/nofp\libc_nano.a(libc_a-stdio.o)
                              C:/ST/STM32CubeIDE_1.19.0/STM32CubeIDE/plugins/com.st.stm32cube.ide.mcu.externaltools.gnu-tools-for-stm32.13.3.rel1.win32_1.0.0.202411081344/tools/bin/../lib/gcc/arm-none-eabi/13.3.1/../../../../arm-none-eabi/lib/thumb/v6-m/nofp\libc_nano.a(libc_a-findfp.o) (__sread)
C:/ST/STM32CubeIDE_1.19.0/STM32CubeIDE/plugins/com.st.stm32cube.ide.mcu.externaltools.gnu-tools-for-stm32.13.3.rel1.win32_1.0.0.202411081344/tools/bin/../lib/gcc/arm-none-eabi/13.3.1/../../../../arm-none-eabi/lib/thumb/v6-m/nofp\libc_nano.a(libc_a-memset.o)
                              C:/ST/STM32CubeIDE_1.19.0/STM32CubeIDE/plugins/com.st.stm32cube.ide.mcu.externaltools.gnu-tools-for-stm32.13.3.rel1.win32_1.0.0.202411081344/tools/bin/../lib/gcc/arm-none-eabi/13.3.1/../../../../arm-none-eabi/lib/thumb/v6-m/nofp/crt0.o (memset)
C:/ST/STM32CubeIDE_1.19.0/STM32CubeIDE/plugins/com.st.stm32cube.ide.mcu.externaltools.gnu-tools-for-stm32.13.3.rel1.win32_1.0.0.202411081344/tools/bin/../lib/gcc/arm-none-eabi/13.3.1/../../../../arm-none-eabi/lib/thumb/v6-m/nofp\libc_nano.a(libc_a-closer.o)
                              C:/ST/STM32CubeIDE_1.19.0/STM32CubeIDE/plugins/com.st.stm32cube.ide.mcu.externaltools.gnu-tools-for-stm32.13.3.rel1.win32_1.0.0.202411081344/tools/bin/../lib/gcc/arm-none-eabi/13.3.1/../../../../arm-none-eabi/lib/thumb/v6-m/nofp\libc_nano.a(libc_a-stdio.o) (_close_r)
C:/ST/STM32CubeIDE_1.19.0/STM32CubeIDE/plugins/com.st.stm32cube.ide.mcu.externaltools.gnu-tools-for-stm32.13.3.rel1.win32_1.0.0.202411081344/tools/bin/../lib/gcc/arm-none-eabi/13.3.1/../../../../arm-none-eabi/lib/thumb/v6-m/nofp\libc_nano.a(libc_a-reent.o)
                              C:/ST/STM32CubeIDE_1.19.0/STM32CubeIDE/plugins/com.st.stm32cube.ide.mcu.externaltools.gnu-tools-for-stm32.13.3.rel1.win32_1.0.0.202411081344/tools/bin/../lib/gcc/arm-none-eabi/13.3.1/../../../../arm-none-eabi/lib/thumb/v6-m/nofp\libc_nano.a(libc_a-closer.o) (errno)
C:/ST/STM32CubeIDE_1.19.0/STM32CubeIDE/plugins/com.st.stm32cube.ide.mcu.externaltools.gnu-tools-for-stm32.13.3.rel1.win32_1.0.0.202411081344/tools/bin/../lib/gcc/arm-none-eabi/13.3.1/../../../../arm-none-eabi/lib/thumb/v6-m/nofp\libc_nano.a(libc_a-impure.o)
                              C:/ST/STM32CubeIDE_1.19.0/STM32CubeIDE/plugins/com.st.stm32cube.ide.mcu.externaltools.gnu-tools-for-stm32.13.3.rel1.win32_1.0.0.202411081344/tools/bin/../lib/gcc/arm-none-eabi/13.3.1/../../../../arm-none-eabi/lib/thumb/v6-m/nofp\libc_nano.a(libc_a-reent.o) (_impure_ptr)
C:/ST/STM32CubeIDE_1.19.0/STM32CubeIDE/plugins/com.st.stm32cube.ide.mcu.externaltools.gnu-tools-for-stm32.13.3.rel1.win32_1.0.0.202411081344/tools/bin/../lib/gcc/arm-none-eabi/13.3.1/../../../../arm-none-eabi/lib/thumb/v6-m/nofp\libc_nano.a(libc_a-lseekr.o)
[...]
Memory Configuration

Name             Origin             Length             Attributes
RAM              0x20000000         0x00003000         xrw
FLASH            0x08000000         0x00008000         xr
*default*        0x00000000         0xffffffff

Linker script and memory map

LOAD C:/ST/STM32CubeIDE_1.19.0/STM32CubeIDE/plugins/com.st.stm32cube.ide.mcu.externaltools.gnu-tools-for-stm32.13.3.rel1.win32_1.0.0.202411081344/tools/bin/../lib/gcc/arm-none-eabi/13.3.1/thumb/v6-m/nofp/crti.o
LOAD C:/ST/STM32CubeIDE_1.19.0/STM32CubeIDE/plugins/com.st.stm32cube.ide.mcu.externaltools.gnu-tools-for-stm32.13.3.rel1.win32_1.0.0.202411081344/tools/bin/../lib/gcc/arm-none-eabi/13.3.1/thumb/v6-m/nofp/crtbegin.o
LOAD C:/ST/STM32CubeIDE_1.19.0/STM32CubeIDE/plugins/com.st.stm32cube.ide.mcu.externaltools.gnu-tools-for-stm32.13.3.rel1.win32_1.0.0.202411081344/tools/bin/../lib/gcc/arm-none-eabi/13.3.1/../../../../arm-none-eabi/lib/thumb/v6-m/nofp/crt0.o
LOAD ./Core/Src/gpio.o
LOAD ./Core/Src/main.o
LOAD ./Core/Src/perifericos.o
LOAD ./Core/Src/stm32c0xx_hal_msp.o
LOAD ./Core/Src/stm32c0xx_it.o
LOAD ./Core/Src/syscalls.o
LOAD ./Core/Src/sysmem.o
LOAD ./Core/Src/system_stm32c0xx.o
LOAD ./Core/Src/tim.o
LOAD ./Core/Startup/startup_stm32c031c6tx.o
LOAD ./Drivers/STM32C0xx_HAL_Driver/Src/stm32c0xx_hal.o
LOAD ./Drivers/STM32C0xx_HAL_Driver/Src/stm32c0xx_hal_cortex.o
LOAD ./Drivers/STM32C0xx_HAL_Driver/Src/stm32c0xx_hal_dma.o
LOAD ./Drivers/STM32C0xx_HAL_Driver/Src/stm32c0xx_hal_dma_ex.o
LOAD ./Drivers/STM32C0xx_HAL_Driver/Src/stm32c0xx_hal_exti.o
LOAD ./Drivers/STM32C0xx_HAL_Driver/Src/stm32c0xx_hal_flash.o
LOAD ./Drivers/STM32C0xx_HAL_Driver/Src/stm32c0xx_hal_flash_ex.o
LOAD ./Drivers/STM32C0xx_HAL_Driver/Src/stm32c0xx_hal_gpio.o
LOAD ./Drivers/STM32C0xx_HAL_Driver/Src/stm32c0xx_hal_pwr.o
LOAD ./Drivers/STM32C0xx_HAL_Driver/Src/stm32c0xx_hal_pwr_ex.o
LOAD ./Drivers/STM32C0xx_HAL_Driver/Src/stm32c0xx_hal_rcc.o
LOAD ./Drivers/STM32C0xx_HAL_Driver/Src/stm32c0xx_hal_rcc_ex.o
LOAD ./Drivers/STM32C0xx_HAL_Driver/Src/stm32c0xx_hal_tim.o
LOAD ./Drivers/STM32C0xx_HAL_Driver/Src/stm32c0xx_hal_tim_ex.o
START GROUP
LOAD C:/ST/STM32CubeIDE_1.19.0/STM32CubeIDE/plugins/com.st.stm32cube.ide.mcu.externaltools.gnu-tools-for-stm32.13.3.rel1.win32_1.0.0.202411081344/tools/bin/../lib/gcc/arm-none-eabi/13.3.1/../../../../arm-none-eabi/lib/thumb/v6-m/nofp\libc_nano.a
LOAD C:/ST/STM32CubeIDE_1.19.0/STM32CubeIDE/plugins/com.st.stm32cube.ide.mcu.externaltools.gnu-tools-for-stm32.13.3.rel1.win32_1.0.0.202411081344/tools/bin/../lib/gcc/arm-none-eabi/13.3.1/../../../../arm-none-eabi/lib/thumb/v6-m/nofp\libm.a
END GROUP
START GROUP
LOAD C:/ST/STM32CubeIDE_1.19.0/STM32CubeIDE/plugins/com.st.stm32cube.ide.mcu.externaltools.gnu-tools-for-stm32.13.3.rel1.win32_1.0.0.202411081344/tools/bin/../lib/gcc/arm-none-eabi/13.3.1/thumb/v6-m/nofp\libgcc.a
LOAD C:/ST/STM32CubeIDE_1.19.0/STM32CubeIDE/plugins/com.st.stm32cube.ide.mcu.externaltools.gnu-tools-for-stm32.13.3.rel1.win32_1.0.0.202411081344/tools/bin/../lib/gcc/arm-none-eabi/13.3.1/../../../../arm-none-eabi/lib/thumb/v6-m/nofp\libc_nano.a
END GROUP
START GROUP
LOAD C:/ST/STM32CubeIDE_1.19.0/STM32CubeIDE/plugins/com.st.stm32cube.ide.mcu.externaltools.gnu-tools-for-stm32.13.3.rel1.win32_1.0.0.202411081344/tools/bin/../lib/gcc/arm-none-eabi/13.3.1/thumb/v6-m/nofp\libgcc.a
LOAD C:/ST/STM32CubeIDE_1.19.0/STM32CubeIDE/plugins/com.st.stm32cube.ide.mcu.externaltools.gnu-tools-for-stm32.13.3.rel1.win32_1.0.0.202411081344/tools/bin/../lib/gcc/arm-none-eabi/13.3.1/../../../../arm-none-eabi/lib/thumb/v6-m/nofp\libc_nano.a
LOAD C:/ST/STM32CubeIDE_1.19.0/STM32CubeIDE/plugins/com.st.stm32cube.ide.mcu.externaltools.gnu-tools-for-stm32.13.3.rel1.win32_1.0.0.202411081344/tools/bin/../lib/gcc/arm-none-eabi/13.3.1/../../../../arm-none-eabi/lib/thumb/v6-m/nofp\libnosys.a
END GROUP
START GROUP
LOAD C:/ST/STM32CubeIDE_1.19.0/STM32CubeIDE/plugins/com.st.stm32cube.ide.mcu.externaltools.gnu-tools-for-stm32.13.3.rel1.win32_1.0.0.202411081344/tools/bin/../lib/gcc/arm-none-eabi/13.3.1/thumb/v6-m/nofp\libgcc.a
LOAD C:/ST/STM32CubeIDE_1.19.0/STM32CubeIDE/plugins/com.st.stm32cube.ide.mcu.externaltools.gnu-tools-for-stm32.13.3.rel1.win32_1.0.0.202411081344/tools/bin/../lib/gcc/arm-none-eabi/13.3.1/../../../../arm-none-eabi/lib/thumb/v6-m/nofp\libc_nano.a
LOAD C:/ST/STM32CubeIDE_1.19.0/STM32CubeIDE/plugins/com.st.stm32cube.ide.mcu.externaltools.gnu-tools-for-stm32.13.3.rel1.win32_1.0.0.202411081344/tools/bin/../lib/gcc/arm-none-eabi/13.3.1/../../../../arm-none-eabi/lib/thumb/v6-m/nofp\libnosys.a
END GROUP
LOAD C:/ST/STM32CubeIDE_1.19.0/STM32CubeIDE/plugins/com.st.stm32cube.ide.mcu.externaltools.gnu-tools-for-stm32.13.3.rel1.win32_1.0.0.202411081344/tools/bin/../lib/gcc/arm-none-eabi/13.3.1/thumb/v6-m/nofp/crtend.o
LOAD C:/ST/STM32CubeIDE_1.19.0/STM32CubeIDE/plugins/com.st.stm32cube.ide.mcu.externaltools.gnu-tools-for-stm32.13.3.rel1.win32_1.0.0.202411081344/tools/bin/../lib/gcc/arm-none-eabi/13.3.1/thumb/v6-m/nofp/crtn.o
                0x20003000                        _estack = (ORIGIN (RAM) + LENGTH (RAM))
                0x00000200                        _Min_Heap_Size = 0x200
                0x00000400                        _Min_Stack_Size = 0x400

.isr_vector     0x08000000       0xc0
                0x08000000                        . = ALIGN (0x4)
 *(.isr_vector)
 .isr_vector    0x08000000       0xc0 ./Core/Startup/startup_stm32c031c6tx.o
                0x08000000                g_pfnVectors
                0x080000c0                        . = ALIGN (0x4)

.text           0x080000c0     0x2734
                0x080000c0                        . = ALIGN (0x4)
 *(.text)
 .text          0x080000c0       0x48 C:/ST/STM32CubeIDE_1.19.0/STM32CubeIDE/plugins/com.st.stm32cube.ide.mcu.externaltools.gnu-tools-for-stm32.13.3.rel1.win32_1.0.0.202411081344/tools/bin/../lib/gcc/arm-none-eabi/13.3.1/thumb/v6-m/nofp/crtbegin.o
 .text          0x08000108      0x114 C:/ST/STM32CubeIDE_1.19.0/STM32CubeIDE/plugins/com.st.stm32cube.ide.mcu.externaltools.gnu-tools-for-stm32.13.3.rel1.win32_1.0.0.202411081344/tools/bin/../lib/gcc/arm-none-eabi/13.3.1/thumb/v6-m/nofp\libgcc.a(_udivsi3.o)
                0x08000108                __aeabi_uidiv
                0x08000108                __udivsi3
                0x08000214                __aeabi_uidivmod
 .text          0x0800021c        0x4 C:/ST/STM32CubeIDE_1.19.0/STM32CubeIDE/plugins/com.st.stm32cube.ide.mcu.externaltools.gnu-tools-for-stm32.13.3.rel1.win32_1.0.0.202411081344/tools/bin/../lib/gcc/arm-none-eabi/13.3.1/thumb/v6-m/nofp\libgcc.a(_dvmd_tls.o)
                0x0800021c                __aeabi_idiv0
                0x0800021c                __aeabi_ldiv0
 *(.text*)
 .text.MX_GPIO_Init
                0x08000220      0x19c ./Core/Src/gpio.o
                0x08000220                MX_GPIO_Init
 .text.main     0x080003bc       0x2c ./Core/Src/main.o
                0x080003bc                main
 .text.SystemClock_Config
                0x080003e8       0x9c ./Core/Src/main.o
                0x080003e8                SystemClock_Config
 .text.HAL_TIM_PeriodElapsedCallback
                0x08000484       0x24 ./Core/Src/main.o
                0x08000484                HAL_TIM_PeriodElapsedCallback
 .text.Error_Handler
                0x080004a8        0xc ./Core/Src/main.o
                0x080004a8                Error_Handler
 .text.perifericos_read_buttons
                0x080004b4      0x14c ./Core/Src/perifericos.o
                0x080004b4                perifericos_read_buttons
 .text.perifericos_set
                0x08000600      0x158 ./Core/Src/perifericos.o
                0x08000600                perifericos_set
 .text.sensor_read
                0x08000758       0x54 ./Core/Src/perifericos.o
                0x08000758                sensor_read
 .text.perifericos_tick
                0x080007ac       0x78 ./Core/Src/perifericos.o
                0x080007ac                perifericos_tick
 .text.perifericos_task
                0x08000824      0xbd8 ./Core/Src/perifericos.o
                0x08000824                perifericos_task
 .text.HAL_MspInit
                0x080013fc       0x48 ./Core/Src/stm32c0xx_hal_msp.o
                0x080013fc                HAL_MspInit
 .text.NMI_Handler
                0x08001444        0x8 ./Core/Src/stm32c0xx_it.o
                0x08001444                NMI_Handler
 .text.HardFault_Handler
                0x0800144c        0x8 ./Core/Src/stm32c0xx_it.o
                0x0800144c                HardFault_Handler
 .text.SVC_Handler
                0x08001454        0xa ./Core/Src/stm32c0xx_it.o
                0x08001454                SVC_Handler
 .text.PendSV_Handler
                0x0800145e        0xa ./Core/Src/stm32c0xx_it.o
                0x0800145e                PendSV_Handler
 .text.SysTick_Handler
                0x08001468        0xe ./Core/Src/stm32c0xx_it.o
                0x08001468                SysTick_Handler
 .text.EXTI0_1_IRQHandler
                0x08001476       0x10 ./Core/Src/stm32c0xx_it.o
                0x08001476                EXTI0_1_IRQHandler
 .text.EXTI4_15_IRQHandler
                0x08001486       0x22 ./Core/Src/stm32c0xx_it.o
                0x08001486                EXTI4_15_IRQHandler
 .text.TIM14_IRQHandler
                0x080014a8       0x18 ./Core/Src/stm32c0xx_it.o
                0x080014a8                TIM14_IRQHandler
 .text.SystemInit
                0x080014c0       0x18 ./Core/Src/system_stm32c0xx.o
                0x080014c0                SystemInit
 .text.MX_TIM14_Init
                0x080014d8       0x50 ./Core/Src/tim.o
                0x080014d8                MX_TIM14_Init
 .text.HAL_TIM_Base_MspInit
                0x08001528       0x50 ./Core/Src/tim.o
                0x08001528                HAL_TIM_Base_MspInit
 .text.Reset_Handler
                0x08001578       0x50 ./Core/Startup/startup_stm32c031c6tx.o
                0x08001578                Reset_Handler
 .text.Default_Handler
                0x080015c8        0x2 ./Core/Startup/startup_stm32c031c6tx.o
                0x080015c8                TIM1_CC_IRQHandler
                0x080015c8                I2C1_IRQHandler
                0x080015c8                DMAMUX1_IRQHandler
                0x080015c8                SPI1_IRQHandler
                0x080015c8                EXTI2_3_IRQHandler
                0x080015c8                ADC1_IRQHandler
                0x080015c8                TIM17_IRQHandler
                0x080015c8                RTC_IRQHandler
                0x080015c8                TIM16_IRQHandler
                0x080015c8                TIM3_IRQHandler
                0x080015c8                RCC_IRQHandler
                0x080015c8                DMA1_Channel1_IRQHandler
                0x080015c8                Default_Handler
                0x080015c8                WWDG_IRQHandler
                0x080015c8                DMA1_Channel2_3_IRQHandler
                0x080015c8                USART2_IRQHandler
                0x080015c8                FLASH_IRQHandler
                0x080015c8                USART1_IRQHandler
                0x080015c8                TIM1_BRK_UP_TRG_COM_IRQHandler
 .text.HAL_Init
                0x080015ca       0x2e ./Drivers/STM32C0xx_HAL_Driver/Src/stm32c0xx_hal.o
                0x080015ca                HAL_Init
 .text.HAL_InitTick
                0x080015f8       0x94 ./Drivers/STM32C0xx_HAL_Driver/Src/stm32c0xx_hal.o
                0x080015f8                HAL_InitTick
 .text.HAL_IncTick
                0x0800168c       0x24 ./Drivers/STM32C0xx_HAL_Driver/Src/stm32c0xx_hal.o
                0x0800168c                HAL_IncTick
 .text.HAL_GetTick
                0x080016b0       0x14 ./Drivers/STM32C0xx_HAL_Driver/Src/stm32c0xx_hal.o
                0x080016b0                HAL_GetTick
 .text.__NVIC_EnableIRQ
                0x080016c4       0x34 ./Drivers/STM32C0xx_HAL_Driver/Src/stm32c0xx_hal_cortex.o
 .text.__NVIC_SetPriority
                0x080016f8       0xdc ./Drivers/STM32C0xx_HAL_Driver/Src/stm32c0xx_hal_cortex.o
 .text.SysTick_Config
                0x080017d4       0x48 ./Drivers/STM32C0xx_HAL_Driver/Src/stm32c0xx_hal_cortex.o
 .text.HAL_NVIC_SetPriority
                0x0800181c       0x2a ./Drivers/STM32C0xx_HAL_Driver/Src/stm32c0xx_hal_cortex.o
                0x0800181c                HAL_NVIC_SetPriority
 .text.HAL_NVIC_EnableIRQ
                0x08001846       0x20 ./Drivers/STM32C0xx_HAL_Driver/Src/stm32c0xx_hal_cortex.o
                0x08001846                HAL_NVIC_EnableIRQ
 .text.HAL_SYSTICK_Config
                0x08001866       0x1a ./Drivers/STM32C0xx_HAL_Driver/Src/stm32c0xx_hal_cortex.o
                0x08001866                HAL_SYSTICK_Config
 .text.HAL_GPIO_Init
                0x08001880      0x2e4 ./Drivers/STM32C0xx_HAL_Driver/Src/stm32c0xx_hal_gpio.o
                0x08001880                HAL_GPIO_Init
 .text.HAL_GPIO_ReadPin
                0x08001b64       0x3a ./Drivers/STM32C0xx_HAL_Driver/Src/stm32c0xx_hal_gpio.o
                0x08001b64                HAL_GPIO_ReadPin
 .text.HAL_GPIO_WritePin
                0x08001b9e       0x3a ./Drivers/STM32C0xx_HAL_Driver/Src/stm32c0xx_hal_gpio.o
                0x08001b9e                HAL_GPIO_WritePin
 .text.HAL_GPIO_TogglePin
                0x08001bd8       0x36 ./Drivers/STM32C0xx_HAL_Driver/Src/stm32c0xx_hal_gpio.o
                0x08001bd8                HAL_GPIO_TogglePin
 *fill*         0x08001c0e        0x2 
 .text.HAL_GPIO_EXTI_IRQHandler
                0x08001c10       0x54 ./Drivers/STM32C0xx_HAL_Driver/Src/stm32c0xx_hal_gpio.o
                0x08001c10                HAL_GPIO_EXTI_IRQHandler
 .text.HAL_GPIO_EXTI_Rising_Callback
                0x08001c64       0x14 ./Drivers/STM32C0xx_HAL_Driver/Src/stm32c0xx_hal_gpio.o
                0x08001c64                HAL_GPIO_EXTI_Rising_Callback
 .text.HAL_GPIO_EXTI_Falling_Callback
                0x08001c78       0x14 ./Drivers/STM32C0xx_HAL_Driver/Src/stm32c0xx_hal_gpio.o
                0x08001c78                HAL_GPIO_EXTI_Falling_Callback
 .text.HAL_RCC_OscConfig
                0x08001c8c      0x3c8 ./Drivers/STM32C0xx_HAL_Driver/Src/stm32c0xx_hal_rcc.o
                0x08001c8c                HAL_RCC_OscConfig
 .text.HAL_RCC_ClockConfig
                0x08002054      0x200 ./Drivers/STM32C0xx_HAL_Driver/Src/stm32c0xx_hal_rcc.o
                0x08002054                HAL_RCC_ClockConfig
 .text.HAL_RCC_GetSysClockFreq
                0x08002254       0x80 ./Drivers/STM32C0xx_HAL_Driver/Src/stm32c0xx_hal_rcc.o
                0x08002254                HAL_RCC_GetSysClockFreq
 .text.HAL_TIM_Base_Init
                0x080022d4       0xb0 ./Drivers/STM32C0xx_HAL_Driver/Src/stm32c0xx_hal_tim.o
                0x080022d4                HAL_TIM_Base_Init
 .text.HAL_TIM_Base_Start_IT
                0x08002384       0x9c ./Drivers/STM32C0xx_HAL_Driver/Src/stm32c0xx_hal_tim.o
                0x08002384                HAL_TIM_Base_Start_IT
 .text.HAL_TIM_IRQHandler
                0x08002420      0x210 ./Drivers/STM32C0xx_HAL_Driver/Src/stm32c0xx_hal_tim.o
                0x08002420                HAL_TIM_IRQHandler
 .text.HAL_TIM_OC_DelayElapsedCallback
                0x08002630       0x10 ./Drivers/STM32C0xx_HAL_Driver/Src/stm32c0xx_hal_tim.o
                0x08002630                HAL_TIM_OC_DelayElapsedCallback
 .text.HAL_TIM_IC_CaptureCallback
                0x08002640       0x10 ./Drivers/STM32C0xx_HAL_Driver/Src/stm32c0xx_hal_tim.o
                0x08002640                HAL_TIM_IC_CaptureCallback
 .text.HAL_TIM_PWM_PulseFinishedCallback
                0x08002650       0x10 ./Drivers/STM32C0xx_HAL_Driver/Src/stm32c0xx_hal_tim.o
                0x08002650                HAL_TIM_PWM_PulseFinishedCallback
 .text.HAL_TIM_TriggerCallback
                0x08002660       0x10 ./Drivers/STM32C0xx_HAL_Driver/Src/stm32c0xx_hal_tim.o
                0x08002660                HAL_TIM_TriggerCallback
 .text.TIM_Base_SetConfig
                0x08002670       0xe4 ./Drivers/STM32C0xx_HAL_Driver/Src/stm32c0xx_hal_tim.o
                0x08002670                TIM_Base_SetConfig
 .text.HAL_TIMEx_CommutCallback
                0x08002754       0x10 ./Drivers/STM32C0xx_HAL_Driver/Src/stm32c0xx_hal_tim_ex.o
                0x08002754                HAL_TIMEx_CommutCallback
 .text.HAL_TIMEx_BreakCallback
                0x08002764       0x10 ./Drivers/STM32C0xx_HAL_Driver/Src/stm32c0xx_hal_tim_ex.o
                0x08002764                HAL_TIMEx_BreakCallback
 .text.HAL_TIMEx_Break2Callback
                0x08002774       0x10 ./Drivers/STM32C0xx_HAL_Driver/Src/stm32c0xx_hal_tim_ex.o
                0x08002774                HAL_TIMEx_Break2Callback
 .text.memset   0x08002784       0x10 C:/ST/STM32CubeIDE_1.19.0/STM32CubeIDE/plugins/com.st.stm32cube.ide.mcu.externaltools.gnu-tools-for-stm32.13.3.rel1.win32_1.0.0.202411081344/tools/bin/../lib/gcc/arm-none-eabi/13.3.1/../../../../arm-none-eabi/lib/thumb/v6-m/nofp\libc_nano.a(libc_a-memset.o)
                0x08002784                memset
 .text.__libc_init_array
                0x08002794       0x48 C:/ST/STM32CubeIDE_1.19.0/STM32CubeIDE/plugins/com.st.stm32cube.ide.mcu.externaltools.gnu-tools-for-stm32.13.3.rel1.win32_1.0.0.202411081344/tools/bin/../lib/gcc/arm-none-eabi/13.3.1/../../../../arm-none-eabi/lib/thumb/v6-m/nofp\libc_nano.a(libc_a-init.o)
                0x08002794                __libc_init_array
 *(.glue_7)
 .glue_7        0x080027dc        0x0 linker stubs
 *(.glue_7t)
 .glue_7t       0x080027dc        0x0 linker stubs
 *(.eh_frame)
 .eh_frame      0x080027dc        0x0 C:/ST/STM32CubeIDE_1.19.0/STM32CubeIDE/plugins/com.st.stm32cube.ide.mcu.externaltools.gnu-tools-for-stm32.13.3.rel1.win32_1.0.0.202411081344/tools/bin/../lib/gcc/arm-none-eabi/13.3.1/thumb/v6-m/nofp/crtbegin.o
 *(.init)
 .init          0x080027dc        0x4 C:/ST/STM32CubeIDE_1.19.0/STM32CubeIDE/plugins/com.st.stm32cube.ide.mcu.externaltools.gnu-tools-for-stm32.13.3.rel1.win32_1.0.0.202411081344/tools/bin/../lib/gcc/arm-none-eabi/13.3.1/thumb/v6-m/nofp/crti.o
                0x080027dc                _init
 .init          0x080027e0        0x8 C:/ST/STM32CubeIDE_1.19.0/STM32CubeIDE/plugins/com.st.stm32cube.ide.mcu.externaltools.gnu-tools-for-stm32.13.3.rel1.win32_1.0.0.202411081344/tools/bin/../lib/gcc/arm-none-eabi/13.3.1/thumb/v6-m/nofp/crtn.o
 *(.fini)
 .fini          0x080027e8        0x4 C:/ST/STM32CubeIDE_1.19.0/STM32CubeIDE/plugins/com.st.stm32cube.ide.mcu.externaltools.gnu-tools-for-stm32.13.3.rel1.win32_1.0.0.202411081344/tools/bin/../lib/gcc/arm-none-eabi/13.3.1/thumb/v6-m/nofp/crti.o
                0x080027e8                _fini
 .fini          0x080027ec        0x8 C:/ST/STM32CubeIDE_1.19.0/STM32CubeIDE/plugins/com.st.stm32cube.ide.mcu.externaltools.gnu-tools-for-stm32.13.3.rel1.win32_1.0.0.202411081344/tools/bin/../lib/gcc/arm-none-eabi/13.3.1/thumb/v6-m/nofp/crtn.o
                0x080027f4                        . = ALIGN (0x4)
                0x080027f4                        _etext = .

.vfp11_veneer   0x080027f4        0x0
 .vfp11_veneer  0x080027f4        0x0 linker stubs

.v4_bx          0x080027f4        0x0
 .v4_bx         0x080027f4        0x0 linker stubs

.iplt           0x080027f4        0x0
 .iplt          0x080027f4        0x0 C:/ST/STM32CubeIDE_1.19.0/STM32CubeIDE/plugins/com.st.stm32cube.ide.mcu.externaltools.gnu-tools-for-stm32.13.3.rel1.win32_1.0.0.202411081344/tools/bin/../lib/gcc/arm-none-eabi/13.3.1/thumb/v6-m/nofp/crtbegin.o

.rodata         0x080027f4       0x70
                0x080027f4                        . = ALIGN (0x4)
 *(.rodata)
 *(.rodata*)
 .rodata.perifericos_task
                0x080027f4       0x30 ./Core/Src/perifericos.o
 .rodata.AHBPrescTable
                0x08002824       0x40 ./Core/Src/system_stm32c0xx.o
                0x08002824                AHBPrescTable
                0x08002864                        . = ALIGN (0x4)

.ARM.extab      0x08002864        0x0
                0x08002864                        . = ALIGN (0x4)
 *(.ARM.extab* .gnu.linkonce.armextab.*)
                0x08002864                        . = ALIGN (0x4)

.ARM            0x08002864        0x0
                0x08002864                        . = ALIGN (0x4)
                0x08002864                        __exidx_start = .
 *(.ARM.exidx*)
                0x08002864                        __exidx_end = .
                0x08002864                        . = ALIGN (0x4)

.preinit_array  0x08002864        0x0
                0x08002864                        . = ALIGN (0x4)
                0x08002864                        PROVIDE (__preinit_array_start = .)
 *(.preinit_array*)
                0x08002864                        PROVIDE (__preinit_array_end = .)
                0x08002864                        . = ALIGN (0x4)

.init_array     0x08002864        0x4
                0x08002864                        . = ALIGN (0x4)
                0x08002864                        PROVIDE (__init_array_start = .)
 *(SORT_BY_NAME(.init_array.*))
 *(.init_array*)
 .init_array    0x08002864        0x4 C:/ST/STM32CubeIDE_1.19.0/STM32CubeIDE/plugins/com.st.stm32cube.ide.mcu.externaltools.gnu-tools-for-stm32.13.3.rel1.win32_1.0.0.202411081344/tools/bin/../lib/gcc/arm-none-eabi/13.3.1/thumb/v6-m/nofp/crtbegin.o
                0x08002868                        PROVIDE (__init_array_end = .)
                0x08002868                        . = ALIGN (0x4)

.fini_array     0x08002868        0x4
                0x08002868                        . = ALIGN (0x4)
                [!provide]                        PROVIDE (__fini_array_start = .)
 *(SORT_BY_NAME(.fini_array.*))
 *(.fini_array*)
 .fini_array    0x08002868        0x4 C:/ST/STM32CubeIDE_1.19.0/STM32CubeIDE/plugins/com.st.stm32cube.ide.mcu.externaltools.gnu-tools-for-stm32.13.3.rel1.win32_1.0.0.202411081344/tools/bin/../lib/gcc/arm-none-eabi/13.3.1/thumb/v6-m/nofp/crtbegin.o
                [!provide]                        PROVIDE (__fini_array_end = .)
                0x0800286c                        . = ALIGN (0x4)
                0x0800286c                        _sidata = LOADADDR (.data)

.rel.dyn        0x0800286c        0x0
 .rel.iplt      0x0800286c        0x0 C:/ST/STM32CubeIDE_1.19.0/STM32CubeIDE/plugins/com.st.stm32cube.ide.mcu.externaltools.gnu-tools-for-stm32.13.3.rel1.win32_1.0.0.202411081344/tools/bin/../lib/gcc/arm-none-eabi/13.3.1/thumb/v6-m/nofp/crtbegin.o

.data           0x20000000       0x2c load address 0x0800286c
                0x20000000                        . = ALIGN (0x4)
                0x20000000                        _sdata = .
 *(.data)
 *(.data*)
 .data.P31      0x20000000        0x4 ./Core/Src/perifericos.o
                0x20000000                P31
 .data.P32      0x20000004        0x1 ./Core/Src/perifericos.o
                0x20000004                P32
 .data.P80      0x20000005        0x1 ./Core/Src/perifericos.o
                0x20000005                P80
 .data.P81      0x20000006        0x1 ./Core/Src/perifericos.o
                0x20000006                P81
 .data.P82      0x20000007        0x1 ./Core/Src/perifericos.o
                0x20000007                P82
 .data.P83      0x20000008        0x4 ./Core/Src/perifericos.o
                0x20000008                P83
 .data.P84      0x2000000c        0x4 ./Core/Src/perifericos.o
                0x2000000c                P84
 .data.P85      0x20000010        0x1 ./Core/Src/perifericos.o
                0x20000010                P85
 *fill*         0x20000011        0x3 
 .data.fatual   0x20000014        0x4 ./Core/Src/perifericos.o
                0x20000014                fatual
 .data.tsensor  0x20000018        0x4 ./Core/Src/perifericos.o
                0x20000018                tsensor
 .data.bomba_habilitada
                0x2000001c        0x1 ./Core/Src/perifericos.o
                0x2000001c                bomba_habilitada
 *fill*         0x2000001d        0x3 
 .data.SystemCoreClock
                0x20000020        0x4 ./Core/Src/system_stm32c0xx.o
                0x20000020                SystemCoreClock
 .data.uwTickPrio
                0x20000024        0x4 ./Drivers/STM32C0xx_HAL_Driver/Src/stm32c0xx_hal.o
                0x20000024                uwTickPrio
 .data.uwTickFreq
                0x20000028        0x1 ./Drivers/STM32C0xx_HAL_Driver/Src/stm32c0xx_hal.o
                0x20000028                uwTickFreq
 *(.RamFunc)
 *(.RamFunc*)
                0x2000002c                        . = ALIGN (0x4)
 *fill*         0x20000029        0x3 
                0x2000002c                        _edata = .

.igot.plt       0x2000002c        0x0 load address 0x08002898
 .igot.plt      0x2000002c        0x0 C:/ST/STM32CubeIDE_1.19.0/STM32CubeIDE/plugins/com.st.stm32cube.ide.mcu.externaltools.gnu-tools-for-stm32.13.3.rel1.win32_1.0.0.202411081344/tools/bin/../lib/gcc/arm-none-eabi/13.3.1/thumb/v6-m/nofp/crtbegin.o
                0x2000002c                        . = ALIGN (0x4)

.bss            0x2000002c       0xac load address 0x08002898
                0x2000002c                        _sbss = .
                0x2000002c                        __bss_start__ = _sbss
 *(.bss)
 .bss           0x2000002c       0x1c C:/ST/STM32CubeIDE_1.19.0/STM32CubeIDE/plugins/com.st.stm32cube.ide.mcu.externaltools.gnu-tools-for-stm32.13.3.rel1.win32_1.0.0.202411081344/tools/bin/../lib/gcc/arm-none-eabi/13.3.1/thumb/v6-m/nofp/crtbegin.o
 *(.bss*)
 .bss.last_onoff
                0x20000048        0x1 ./Core/Src/perifericos.o
 .bss.last_bomba
                0x20000049        0x1 ./Core/Src/perifericos.o
 .bss.last_swing
                0x2000004a        0x1 ./Core/Src/perifericos.o
 .bss.last_dreno
                0x2000004b        0x1 ./Core/Src/perifericos.o
 .bss.last_exaustor
                0x2000004c        0x1 ./Core/Src/perifericos.o
 *fill*         0x2000004d        0x3 
 .bss.P30       0x20000050        0x4 ./Core/Src/perifericos.o
                0x20000050                P30
 .bss.P33       0x20000054        0x1 ./Core/Src/perifericos.o
                0x20000054                P33
 .bss.P51       0x20000055        0x1 ./Core/Src/perifericos.o
                0x20000055                P51
 .bss.P86       0x20000056        0x1 ./Core/Src/perifericos.o
                0x20000056                P86
 *fill*         0x20000057        0x1 
 .bss.fsec      0x20000058        0x4 ./Core/Src/perifericos.o
                0x20000058                fsec
 .bss.motor_sentido
                0x2000005c        0x1 ./Core/Src/perifericos.o
                0x2000005c                motor_sentido
 .bss.inversao_pendente
                0x2000005d        0x1 ./Core/Src/perifericos.o
                0x2000005d                inversao_pendente
 *fill*         0x2000005e        0x2 
 .bss.tm        0x20000060        0x4 ./Core/Src/perifericos.o
                0x20000060                tm
 .bss.ts        0x20000064        0x4 ./Core/Src/perifericos.o
                0x20000064                ts
 .bss.td        0x20000068        0x4 ./Core/Src/perifericos.o
                0x20000068                td
 .bss.td_off    0x2000006c        0x4 ./Core/Src/perifericos.o
                0x2000006c                td_off
 .bss.sensor_delay_counter
                0x20000070        0x4 ./Core/Src/perifericos.o
                0x20000070                sensor_delay_counter
 .bss.sensor_estavel
                0x20000074        0x1 ./Core/Src/perifericos.o
 .bss.sensor_ultimo_raw
                0x20000075        0x1 ./Core/Src/perifericos.o
 .bss.ligar_bomba
                0x20000076        0x1 ./Core/Src/perifericos.o
                0x20000076                ligar_bomba
 .bss.desligar_bomba
                0x20000077        0x1 ./Core/Src/perifericos.o
                0x20000077                desligar_bomba
 .bss.ligar_swing
                0x20000078        0x1 ./Core/Src/perifericos.o
                0x20000078                ligar_swing
 .bss.desligar_swing
                0x20000079        0x1 ./Core/Src/perifericos.o
                0x20000079                desligar_swing
 .bss.ligar_dreno
                0x2000007a        0x1 ./Core/Src/perifericos.o
                0x2000007a                ligar_dreno
 .bss.desligar_dreno
                0x2000007b        0x1 ./Core/Src/perifericos.o
                0x2000007b                desligar_dreno
 .bss.ligar_motor
                0x2000007c        0x1 ./Core/Src/perifericos.o
                0x2000007c                ligar_motor
 .bss.desligar_motor
                0x2000007d        0x1 ./Core/Src/perifericos.o
                0x2000007d                desligar_motor
 .bss.off_time  0x2000007e        0x1 ./Core/Src/perifericos.o
                0x2000007e                off_time
 .bss.flag_onoff
                0x2000007f        0x1 ./Core/Src/perifericos.o
                0x2000007f                flag_onoff
 .bss.flag_bomba
                0x20000080        0x1 ./Core/Src/perifericos.o
                0x20000080                flag_bomba
 .bss.flag_swing
                0x20000081        0x1 ./Core/Src/perifericos.o
                0x20000081                flag_swing
 .bss.flag_exaustor
                0x20000082        0x1 ./Core/Src/perifericos.o
                0x20000082                flag_exaustor
 .bss.dreno_solicitado
                0x20000083        0x1 ./Core/Src/perifericos.o
                0x20000083                dreno_solicitado
 .bss.dreno_pendente
                0x20000084        0x1 ./Core/Src/perifericos.o
                0x20000084                dreno_pendente
 .bss.exaustor_pendente
                0x20000085        0x1 ./Core/Src/perifericos.o
                0x20000085                exaustor_pendente
 .bss.motor_desligado
                0x20000086        0x1 ./Core/Src/perifericos.o
 .bss.estado_atual
                0x20000087        0x1 ./Core/Src/perifericos.o
                0x20000087                estado_atual
 .bss.htim14    0x20000088       0x4c ./Core/Src/tim.o
                0x20000088                htim14
 .bss.uwTick    0x200000d4        0x4 ./Drivers/STM32C0xx_HAL_Driver/Src/stm32c0xx_hal.o
                0x200000d4                uwTick
 *(COMMON)
                0x200000d8                        . = ALIGN (0x4)
                0x200000d8                        _ebss = .
                0x200000d8                        __bss_end__ = _ebss

._user_heap_stack
                0x200000d8      0x600 load address 0x08002898
                0x200000d8                        . = ALIGN (0x8)
                [!provide]                        PROVIDE (end = .)
                0x200000d8                        PROVIDE (_end = .)
                0x200002d8                        . = (. + _Min_Heap_Size)
 *fill*         0x200000d8      0x200 
                0x200006d8                        . = (. + _Min_Stack_Size)
 *fill*         0x200002d8      0x400 
                0x200006d8                        . = ALIGN (0x8)

/DISCARD/
 libc.a(*)
 libm.a(*)
 libgcc.a(*)

.ARM.attributes
                0x00000000       0x28
 *(.ARM.attributes)
 .ARM.attributes
                0x00000000       0x1e C:/ST/STM32CubeIDE_1.19.0/STM32CubeIDE/plugins/com.st.stm32cube.ide.mcu.externaltools.gnu-tools-for-stm32.13.3.rel1.win32_1.0.0.202411081344/tools/bin/../lib/gcc/arm-none-eabi/13.3.1/thumb/v6-m/nofp/crti.o
 .ARM.attributes
                0x0000001e       0x2c C:/ST/STM32CubeIDE_1.19.0/STM32CubeIDE/plugins/com.st.stm32cube.ide.mcu.externaltools.gnu-tools-for-stm32.13.3.rel1.win32_1.0.0.202411081344/tools/bin/../lib/gcc/arm-none-eabi/13.3.1/thumb/v6-m/nofp/crtbegin.o
 .ARM.attributes
                0x0000004a       0x2c ./Core/Src/gpio.o
 .ARM.attributes
                0x00000076       0x2c ./Core/Src/main.o
 .ARM.attributes
                0x000000a2       0x2c ./Core/Src/perifericos.o
 .ARM.attributes
                0x000000ce       0x2c ./Core/Src/stm32c0xx_hal_msp.o
 .ARM.attributes
                0x000000fa       0x2c ./Core/Src/stm32c0xx_it.o
 .ARM.attributes
                0x00000126       0x2c ./Core/Src/system_stm32c0xx.o
 .ARM.attributes
                0x00000152       0x2c ./Core/Src/tim.o
 .ARM.attributes
                0x0000017e       0x22 ./Core/Startup/startup_stm32c031c6tx.o
 .ARM.attributes
                0x000001a0       0x2c ./Drivers/STM32C0xx_HAL_Driver/Src/stm32c0xx_hal.o
 .ARM.attributes
                0x000001cc       0x2c ./Drivers/STM32C0xx_HAL_Driver/Src/stm32c0xx_hal_cortex.o
 .ARM.attributes
                0x000001f8       0x2c ./Drivers/STM32C0xx_HAL_Driver/Src/stm32c0xx_hal_gpio.o
 .ARM.attributes
                0x00000224       0x2c ./Drivers/STM32C0xx_HAL_Driver/Src/stm32c0xx_hal_rcc.o
 .ARM.attributes
                0x00000250       0x2c ./Drivers/STM32C0xx_HAL_Driver/Src/stm32c0xx_hal_tim.o
 .ARM.attributes
                0x0000027c       0x2c ./Drivers/STM32C0xx_HAL_Driver/Src/stm32c0xx_hal_tim_ex.o
 .ARM.attributes
                0x000002a8       0x2c C:/ST/STM32CubeIDE_1.19.0/STM32CubeIDE/plugins/com.st.stm32cube.ide.mcu.externaltools.gnu-tools-for-stm32.13.3.rel1.win32_1.0.0.202411081344/tools/bin/../lib/gcc/arm-none-eabi/13.3.1/../../../../arm-none-eabi/lib/thumb/v6-m/nofp\libc_nano.a(libc_a-memset.o)
 .ARM.attributes
                0x000002d4       0x2c C:/ST/STM32CubeIDE_1.19.0/STM32CubeIDE/plugins/com.st.stm32cube.ide.mcu.externaltools.gnu-tools-for-stm32.13.3.rel1.win32_1.0.0.202411081344/tools/bin/../lib/gcc/arm-none-eabi/13.3.1/../../../../arm-none-eabi/lib/thumb/v6-m/nofp\libc_nano.a(libc_a-init.o)
 .ARM.attributes
                0x00000300       0x1e C:/ST/STM32CubeIDE_1.19.0/STM32CubeIDE/plugins/com.st.stm32cube.ide.mcu.externaltools.gnu-tools-for-stm32.13.3.rel1.win32_1.0.0.202411081344/tools/bin/../lib/gcc/arm-none-eabi/13.3.1/thumb/v6-m/nofp\libgcc.a(_udivsi3.o)
 .ARM.attributes
                0x0000031e       0x1e C:/ST/STM32CubeIDE_1.19.0/STM32CubeIDE/plugins/com.st.stm32cube.ide.mcu.externaltools.gnu-tools-for-stm32.13.3.rel1.win32_1.0.0.202411081344/tools/bin/../lib/gcc/arm-none-eabi/13.3.1/thumb/v6-m/nofp\libgcc.a(_dvmd_tls.o)
 .ARM.attributes
                0x0000033c       0x1e C:/ST/STM32CubeIDE_1.19.0/STM32CubeIDE/plugins/com.st.stm32cube.ide.mcu.externaltools.gnu-tools-for-stm32.13.3.rel1.win32_1.0.0.202411081344/tools/bin/../lib/gcc/arm-none-eabi/13.3.1/thumb/v6-m/nofp/crtn.o
OUTPUT(perifericos.elf elf32-littlearm)
LOAD linker stubs
LOAD C:/ST/STM32CubeIDE_1.19.0/STM32CubeIDE/plugins/com.st.stm32cube.ide.mcu.externaltools.gnu-tools-for-stm32.13.3.rel1.win32_1.0.0.202411081344/tools/bin/../lib/gcc/arm-none-eabi/13.3.1/../../../../arm-none-eabi/lib/thumb/v6-m/nofp\libc.a
LOAD C:/ST/STM32CubeIDE_1.19.0/STM32CubeIDE/plugins/com.st.stm32cube.ide.mcu.externaltools.gnu-tools-for-stm32.13.3.rel1.win32_1.0.0.202411081344/tools/bin/../lib/gcc/arm-none-eabi/13.3.1/../../../../arm-none-eabi/lib/thumb/v6-m/nofp\libm.a
LOAD C:/ST/STM32CubeIDE_1.19.0/STM32CubeIDE/plugins/com.st.stm32cube.ide.mcu.externaltools.gnu-tools-for-stm32.13.3.rel1.win32_1.0.0.202411081344/tools/bin/../lib/gcc/arm-none-eabi/13.3.1/thumb/v6-m/nofp\libgcc.a

.debug_info     0x00000000     0x9087
 .debug_info    0x00000000      0x4bd ./Core/Src/gpio.o
 .debug_info    0x000004bd      0xa46 ./Core/Src/main.o
 .debug_info    0x00000f03      0x668 ./Core/Src/perifericos.o
 .debug_info    0x0000156b      0x217 ./Core/Src/stm32c0xx_hal_msp.o
 .debug_info    0x00001782      0x7e0 ./Core/Src/stm32c0xx_it.o
 .debug_info    0x00001f62      0x373 ./Core/Src/system_stm32c0xx.o
 .debug_info    0x000022d5      0xa3e ./Core/Src/tim.o
 .debug_info    0x00002d13       0x30 ./Core/Startup/startup_stm32c031c6tx.o
 .debug_info    0x00002d43      0x832 ./Drivers/STM32C0xx_HAL_Driver/Src/stm32c0xx_hal.o
 .debug_info    0x00003575      0x87b ./Drivers/STM32C0xx_HAL_Driver/Src/stm32c0xx_hal_cortex.o
 .debug_info    0x00003df0      0x5b7 ./Drivers/STM32C0xx_HAL_Driver/Src/stm32c0xx_hal_gpio.o
 .debug_info    0x000043a7      0x903 ./Drivers/STM32C0xx_HAL_Driver/Src/stm32c0xx_hal_rcc.o
 .debug_info    0x00004caa     0x2b65 ./Drivers/STM32C0xx_HAL_Driver/Src/stm32c0xx_hal_tim.o
 .debug_info    0x0000780f     0x1878 ./Drivers/STM32C0xx_HAL_Driver/Src/stm32c0xx_hal_tim_ex.o

.debug_abbrev   0x00000000     0x1a68
 .debug_abbrev  0x00000000      0x17b ./Core/Src/gpio.o
 .debug_abbrev  0x0000017b      0x227 ./Core/Src/main.o
 .debug_abbrev  0x000003a2      0x1f8 ./Core/Src/perifericos.o
 .debug_abbrev  0x0000059a       0xd6 ./Core/Src/stm32c0xx_hal_msp.o
 .debug_abbrev  0x00000670      0x1a4 ./Core/Src/stm32c0xx_it.o
 .debug_abbrev  0x00000814      0x119 ./Core/Src/system_stm32c0xx.o
 .debug_abbrev  0x0000092d      0x200 ./Core/Src/tim.o
 .debug_abbrev  0x00000b2d       0x24 ./Core/Startup/startup_stm32c031c6tx.o
 .debug_abbrev  0x00000b51      0x2cb ./Drivers/STM32C0xx_HAL_Driver/Src/stm32c0xx_hal.o
 .debug_abbrev  0x00000e1c      0x2b7 ./Drivers/STM32C0xx_HAL_Driver/Src/stm32c0xx_hal_cortex.o
 .debug_abbrev  0x000010d3      0x1d6 ./Drivers/STM32C0xx_HAL_Driver/Src/stm32c0xx_hal_gpio.o
 .debug_abbrev  0x000012a9      0x28b ./Drivers/STM32C0xx_HAL_Driver/Src/stm32c0xx_hal_rcc.o
 .debug_abbrev  0x00001534      0x28a ./Drivers/STM32C0xx_HAL_Driver/Src/stm32c0xx_hal_tim.o
 .debug_abbrev  0x000017be      0x2aa ./Drivers/STM32C0xx_HAL_Driver/Src/stm32c0xx_hal_tim_ex.o

.debug_aranges  0x00000000      0x9f8
 .debug_aranges
                0x00000000       0x20 ./Core/Src/gpio.o
 .debug_aranges
                0x00000020       0x38 ./Core/Src/main.o
 .debug_aranges
                0x00000058       0x40 ./Core/Src/perifericos.o
 .debug_aranges
                0x00000098       0x20 ./Core/Src/stm32c0xx_hal_msp.o
 .debug_aranges
                0x000000b8       0x58 ./Core/Src/stm32c0xx_it.o
 .debug_aranges
                0x00000110       0x28 ./Core/Src/system_stm32c0xx.o
 .debug_aranges
                0x00000138       0x30 ./Core/Src/tim.o
 .debug_aranges
                0x00000168       0x28 ./Core/Startup/startup_stm32c031c6tx.o
 .debug_aranges
                0x00000190      0x100 ./Drivers/STM32C0xx_HAL_Driver/Src/stm32c0xx_hal.o
 .debug_aranges
                0x00000290       0xe8 ./Drivers/STM32C0xx_HAL_Driver/Src/stm32c0xx_hal_cortex.o
 .debug_aranges
                0x00000378       0x68 ./Drivers/STM32C0xx_HAL_Driver/Src/stm32c0xx_hal_gpio.o
 .debug_aranges
                0x000003e0       0xa0 ./Drivers/STM32C0xx_HAL_Driver/Src/stm32c0xx_hal_rcc.o
 .debug_aranges
                0x00000480      0x3e0 ./Drivers/STM32C0xx_HAL_Driver/Src/stm32c0xx_hal_tim.o
 .debug_aranges
                0x00000860      0x198 ./Drivers/STM32C0xx_HAL_Driver/Src/stm32c0xx_hal_tim_ex.o

.debug_rnglists
                0x00000000      0x7ab
 .debug_rnglists
                0x00000000       0x14 ./Core/Src/gpio.o
 .debug_rnglists
                0x00000014       0x26 ./Core/Src/main.o
 .debug_rnglists
                0x0000003a       0x2e ./Core/Src/perifericos.o
 .debug_rnglists
                0x00000068       0x13 ./Core/Src/stm32c0xx_hal_msp.o
 .debug_rnglists
                0x0000007b       0x3d ./Core/Src/stm32c0xx_it.o
 .debug_rnglists
                0x000000b8       0x1a ./Core/Src/system_stm32c0xx.o
 .debug_rnglists
                0x000000d2       0x1f ./Core/Src/tim.o
 .debug_rnglists
                0x000000f1       0x19 ./Core/Startup/startup_stm32c031c6tx.o
 .debug_rnglists
                0x0000010a       0xbc ./Drivers/STM32C0xx_HAL_Driver/Src/stm32c0xx_hal.o
 .debug_rnglists
                0x000001c6       0xaa ./Drivers/STM32C0xx_HAL_Driver/Src/stm32c0xx_hal_cortex.o
 .debug_rnglists
                0x00000270       0x4b ./Drivers/STM32C0xx_HAL_Driver/Src/stm32c0xx_hal_gpio.o
 .debug_rnglists
                0x000002bb       0x78 ./Drivers/STM32C0xx_HAL_Driver/Src/stm32c0xx_hal_rcc.o
 .debug_rnglists
                0x00000333      0x32a ./Drivers/STM32C0xx_HAL_Driver/Src/stm32c0xx_hal_tim.o
 .debug_rnglists
                0x0000065d      0x14e ./Drivers/STM32C0xx_HAL_Driver/Src/stm32c0xx_hal_tim_ex.o

.debug_macro    0x00000000    0x12c5f
 .debug_macro   0x00000000      0x1d5 ./Core/Src/gpio.o
 .debug_macro   0x000001d5      0xaae ./Core/Src/gpio.o
 .debug_macro   0x00000c83       0x2e ./Core/Src/gpio.o
 .debug_macro   0x00000cb1       0x28 ./Core/Src/gpio.o
 .debug_macro   0x00000cd9       0x22 ./Core/Src/gpio.o
 .debug_macro   0x00000cfb       0x8e ./Core/Src/gpio.o
 .debug_macro   0x00000d89       0x51 ./Core/Src/gpio.o
 .debug_macro   0x00000dda      0x103 ./Core/Src/gpio.o
 .debug_macro   0x00000edd       0x6a ./Core/Src/gpio.o
 .debug_macro   0x00000f47      0x1df ./Core/Src/gpio.o
 .debug_macro   0x00001126       0x1c ./Core/Src/gpio.o
 .debug_macro   0x00001142       0x22 ./Core/Src/gpio.o
 .debug_macro   0x00001164       0xd1 ./Core/Src/gpio.o
 .debug_macro   0x00001235      0x4da ./Core/Src/gpio.o
 .debug_macro   0x0000170f      0x11f ./Core/Src/gpio.o
 .debug_macro   0x0000182e     0x93cf ./Core/Src/gpio.o
 .debug_macro   0x0000abfd       0x6d ./Core/Src/gpio.o
 .debug_macro   0x0000ac6a      0x175 ./Core/Src/gpio.o
 .debug_macro   0x0000addf       0xe3 ./Core/Src/gpio.o
 .debug_macro   0x0000aec2     0x3440 ./Core/Src/gpio.o
 .debug_macro   0x0000e302      0x190 ./Core/Src/gpio.o
 .debug_macro   0x0000e492       0x5b ./Core/Src/gpio.o
 .debug_macro   0x0000e4ed      0x366 ./Core/Src/gpio.o
 .debug_macro   0x0000e853      0xb47 ./Core/Src/gpio.o
 .debug_macro   0x0000f39a      0x145 ./Core/Src/gpio.o
 .debug_macro   0x0000f4df      0x15f ./Core/Src/gpio.o
 .debug_macro   0x0000f63e      0x19d ./Core/Src/gpio.o
 .debug_macro   0x0000f7db      0x264 ./Core/Src/gpio.o
 .debug_macro   0x0000fa3f      0x17e ./Core/Src/gpio.o
 .debug_macro   0x0000fbbd       0x43 ./Core/Src/gpio.o
 .debug_macro   0x0000fc00      0x1f1 ./Core/Src/gpio.o
 .debug_macro   0x0000fdf1      0x1b1 ./Core/Src/gpio.o
 .debug_macro   0x0000ffa2      0x37c ./Core/Src/gpio.o
 .debug_macro   0x0001031e       0x28 ./Core/Src/gpio.o
 .debug_macro   0x00010346       0xb3 ./Core/Src/gpio.o
 .debug_macro   0x000103f9      0x104 ./Core/Src/gpio.o
 .debug_macro   0x000104fd       0xf6 ./Core/Src/gpio.o
 .debug_macro   0x000105f3      0xaa6 ./Core/Src/gpio.o
 .debug_macro   0x00011099       0xd9 ./Core/Src/gpio.o
 .debug_macro   0x00011172      0x3a9 ./Core/Src/gpio.o
 .debug_macro   0x0001151b      0x106 ./Core/Src/gpio.o
 .debug_macro   0x00011621      0x1f6 ./Core/Src/main.o
 .debug_macro   0x00011817       0x22 ./Core/Src/main.o
 .debug_macro   0x00011839      0x1f6 ./Core/Src/perifericos.o
 .debug_macro   0x00011a2f      0x1cb ./Core/Src/stm32c0xx_hal_msp.o
 .debug_macro   0x00011bfa      0x1d5 ./Core/Src/stm32c0xx_it.o
 .debug_macro   0x00011dcf      0x1c2 ./Core/Src/system_stm32c0xx.o
 .debug_macro   0x00011f91      0x1d5 ./Core/Src/tim.o
 .debug_macro   0x00012166      0x1da ./Drivers/STM32C0xx_HAL_Driver/Src/stm32c0xx_hal.o
 .debug_macro   0x00012340      0x1bc ./Drivers/STM32C0xx_HAL_Driver/Src/stm32c0xx_hal_cortex.o
 .debug_macro   0x000124fc      0x1f1 ./Drivers/STM32C0xx_HAL_Driver/Src/stm32c0xx_hal_gpio.o
 .debug_macro   0x000126ed      0x1ec ./Drivers/STM32C0xx_HAL_Driver/Src/stm32c0xx_hal_rcc.o
 .debug_macro   0x000128d9      0x1c4 ./Drivers/STM32C0xx_HAL_Driver/Src/stm32c0xx_hal_tim.o
 .debug_macro   0x00012a9d      0x1c2 ./Drivers/STM32C0xx_HAL_Driver/Src/stm32c0xx_hal_tim_ex.o

.debug_line     0x00000000     0xc2a0
 .debug_line    0x00000000      0x790 ./Core/Src/gpio.o
 .debug_line    0x00000790      0x803 ./Core/Src/main.o
 .debug_line    0x00000f93      0xe40 ./Core/Src/perifericos.o
 .debug_line    0x00001dd3      0x740 ./Core/Src/stm32c0xx_hal_msp.o
 .debug_line    0x00002513      0x7e8 ./Core/Src/stm32c0xx_it.o
 .debug_line    0x00002cfb      0x797 ./Core/Src/system_stm32c0xx.o
 .debug_line    0x00003492      0x792 ./Core/Src/tim.o
 .debug_line    0x00003c24       0x7d ./Core/Startup/startup_stm32c031c6tx.o
 .debug_line    0x00003ca1      0xa77 ./Drivers/STM32C0xx_HAL_Driver/Src/stm32c0xx_hal.o
 .debug_line    0x00004718      0xb92 ./Drivers/STM32C0xx_HAL_Driver/Src/stm32c0xx_hal_cortex.o
 .debug_line    0x000052aa      0xb8f ./Drivers/STM32C0xx_HAL_Driver/Src/stm32c0xx_hal_gpio.o
 .debug_line    0x00005e39      0xd9a ./Drivers/STM32C0xx_HAL_Driver/Src/stm32c0xx_hal_rcc.o
 .debug_line    0x00006bd3     0x3b9f ./Drivers/STM32C0xx_HAL_Driver/Src/stm32c0xx_hal_tim.o
 .debug_line    0x0000a772     0x1b2e ./Drivers/STM32C0xx_HAL_Driver/Src/stm32c0xx_hal_tim_ex.o

.debug_str      0x00000000    0x76a01
 .debug_str     0x00000000    0x76a01 ./Core/Src/gpio.o
                              0x73fd3 (size before relaxing)
 .debug_str     0x00076a01    0x7457b ./Core/Src/main.o
 .debug_str     0x00076a01    0x740c0 ./Core/Src/perifericos.o
 .debug_str     0x00076a01    0x73d71 ./Core/Src/stm32c0xx_hal_msp.o
 .debug_str     0x00076a01    0x74377 ./Core/Src/stm32c0xx_it.o
 .debug_str     0x00076a01    0x7397d ./Core/Src/system_stm32c0xx.o
 .debug_str     0x00076a01    0x7458b ./Core/Src/tim.o
 .debug_str     0x00076a01       0x75 ./Core/Startup/startup_stm32c031c6tx.o
 .debug_str     0x00076a01    0x73f73 ./Drivers/STM32C0xx_HAL_Driver/Src/stm32c0xx_hal.o
 .debug_str     0x00076a01    0x73d96 ./Drivers/STM32C0xx_HAL_Driver/Src/stm32c0xx_hal_cortex.o
 .debug_str     0x00076a01    0x73b75 ./Drivers/STM32C0xx_HAL_Driver/Src/stm32c0xx_hal_gpio.o
 .debug_str     0x00076a01    0x73f68 ./Drivers/STM32C0xx_HAL_Driver/Src/stm32c0xx_hal_rcc.o
 .debug_str     0x00076a01    0x74ea5 ./Drivers/STM32C0xx_HAL_Driver/Src/stm32c0xx_hal_tim.o
 .debug_str     0x00076a01    0x74833 ./Drivers/STM32C0xx_HAL_Driver/Src/stm32c0xx_hal_tim_ex.o

.comment        0x00000000       0x43
 .comment       0x00000000       0x43 ./Core/Src/gpio.o
                                 0x44 (size before relaxing)
 .comment       0x00000043       0x44 ./Core/Src/main.o
 .comment       0x00000043       0x44 ./Core/Src/perifericos.o
 .comment       0x00000043       0x44 ./Core/Src/stm32c0xx_hal_msp.o
 .comment       0x00000043       0x44 ./Core/Src/stm32c0xx_it.o
 .comment       0x00000043       0x44 ./Core/Src/system_stm32c0xx.o
 .comment       0x00000043       0x44 ./Core/Src/tim.o
 .comment       0x00000043       0x44 ./Drivers/STM32C0xx_HAL_Driver/Src/stm32c0xx_hal.o
 .comment       0x00000043       0x44 ./Drivers/STM32C0xx_HAL_Driver/Src/stm32c0xx_hal_cortex.o
 .comment       0x00000043       0x44 ./Drivers/STM32C0xx_HAL_Driver/Src/stm32c0xx_hal_gpio.o
 .comment       0x00000043       0x44 ./Drivers/STM32C0xx_HAL_Driver/Src/stm32c0xx_hal_rcc.o
 .comment       0x00000043       0x44 ./Drivers/STM32C0xx_HAL_Driver/Src/stm32c0xx_hal_tim.o
 .comment       0x00000043       0x44 ./Drivers/STM32C0xx_HAL_Driver/Src/stm32c0xx_hal_tim_ex.o

.debug_frame    0x00000000     0x230c
 .debug_frame   0x00000000       0x30 ./Core/Src/gpio.o
 .debug_frame   0x00000030       0x88 ./Core/Src/main.o
 .debug_frame   0x000000b8       0xa8 ./Core/Src/perifericos.o
 .debug_frame   0x00000160       0x30 ./Core/Src/stm32c0xx_hal_msp.o
 .debug_frame   0x00000190       0xf0 ./Core/Src/stm32c0xx_it.o
 .debug_frame   0x00000280       0x4c ./Core/Src/system_stm32c0xx.o
 .debug_frame   0x000002cc       0x6c ./Core/Src/tim.o
 .debug_frame   0x00000338      0x368 ./Drivers/STM32C0xx_HAL_Driver/Src/stm32c0xx_hal.o
 .debug_frame   0x000006a0      0x33c ./Drivers/STM32C0xx_HAL_Driver/Src/stm32c0xx_hal_cortex.o
 .debug_frame   0x000009dc      0x150 ./Drivers/STM32C0xx_HAL_Driver/Src/stm32c0xx_hal_gpio.o
 .debug_frame   0x00000b2c      0x214 ./Drivers/STM32C0xx_HAL_Driver/Src/stm32c0xx_hal_rcc.o
 .debug_frame   0x00000d40      0xf40 ./Drivers/STM32C0xx_HAL_Driver/Src/stm32c0xx_hal_tim.o
 .debug_frame   0x00001c80      0x620 ./Drivers/STM32C0xx_HAL_Driver/Src/stm32c0xx_hal_tim_ex.o
 .debug_frame   0x000022a0       0x20 C:/ST/STM32CubeIDE_1.19.0/STM32CubeIDE/plugins/com.st.stm32cube.ide.mcu.externaltools.gnu-tools-for-stm32.13.3.rel1.win32_1.0.0.202411081344/tools/bin/../lib/gcc/arm-none-eabi/13.3.1/../../../../arm-none-eabi/lib/thumb/v6-m/nofp\libc_nano.a(libc_a-memset.o)
 .debug_frame   0x000022c0       0x2c C:/ST/STM32CubeIDE_1.19.0/STM32CubeIDE/plugins/com.st.stm32cube.ide.mcu.externaltools.gnu-tools-for-stm32.13.3.rel1.win32_1.0.0.202411081344/tools/bin/../lib/gcc/arm-none-eabi/13.3.1/../../../../arm-none-eabi/lib/thumb/v6-m/nofp\libc_nano.a(libc_a-init.o)
 .debug_frame   0x000022ec       0x20 C:/ST/STM32CubeIDE_1.19.0/STM32CubeIDE/plugins/com.st.stm32cube.ide.mcu.externaltools.gnu-tools-for-stm32.13.3.rel1.win32_1.0.0.202411081344/tools/bin/../lib/gcc/arm-none-eabi/13.3.1/thumb/v6-m/nofp\libgcc.a(_udivsi3.o)

.debug_line_str
                0x00000000       0x59
 .debug_line_str
                0x00000000       0x59 ./Core/Startup/startup_stm32c031c6tx.o
